// Vitest Snapshot v1, https://vitest.dev/guide/snapshot.html

exports[`PZoom > Should render correctly 1`] = `
"<div class=\\"v-btn-group v-theme--light v-btn-group--density-default elevation-0\\"><button type=\\"button\\" class=\\"v-btn v-btn--flat v-btn--icon v-theme--light v-btn--density-default elevation-0 v-btn--size-default v-btn--variant-elevated\\" style=\\"height: auto;\\" data-test-id=\\"zoomOut\\"><span class=\\"v-btn__overlay\\"></span><span class=\\"v-btn__underlay\\"></span>
    <!----><span class=\\"v-btn__content\\" data-no-activator=\\"\\"><i class=\\"material-icons v-icon notranslate v-theme--light v-icon--size-default\\" aria-hidden=\\"true\\">remove</i></span>
    <!---->
    <!---->
  </button><button type=\\"button\\" class=\\"v-btn v-btn--flat v-btn--icon v-theme--light v-btn--density-default elevation-0 v-btn--size-default v-btn--variant-elevated\\" style=\\"height: auto;\\" data-test-id=\\"zoomIn\\"><span class=\\"v-btn__overlay\\"></span><span class=\\"v-btn__underlay\\"></span>
    <!----><span class=\\"v-btn__content\\" data-no-activator=\\"\\"><i class=\\"material-icons v-icon notranslate v-theme--light v-icon--size-default\\" aria-hidden=\\"true\\">add</i></span>
    <!---->
    <!---->
  </button></div>"
`;
